_box........................................................................box
_button..................................................................button
_circle..................................................................circle
_cls........................................................................cls
_getmode................................................................getmode
_gotoxy..................................................................gotoxy
_h_micks................................................................msmouse
_isqrt...................................................................circle
_line......................................................................line
_m_defgcur..............................................................msmouse
_m_deftcur..............................................................msmouse
_m_hidecur..............................................................msmouse
_m_inpmsk...............................................................msmouse
_m_inregs...............................................................msmouse
_m_keyprs...............................................................msmouse
_m_keyrls...............................................................msmouse
_m_mickeys..............................................................msmouse
_m_outregs..............................................................msmouse
_m_penoff...............................................................msmouse
_m_penon................................................................msmouse
_m_readloc..............................................................msmouse
_m_reset................................................................msmouse
_m_setasp...............................................................msmouse
_m_setloc...............................................................msmouse
_m_setxlim..............................................................msmouse
_m_setylim..............................................................msmouse
_m_showcur..............................................................msmouse
_mode......................................................................mode
_mse_xin................................................................msmouse
_mse_yin................................................................msmouse
_palette................................................................palette
_point....................................................................point
_ppoint..................................................................ppoint
_prscnt.................................................................msmouse
_rlscnt.................................................................msmouse
_sound....................................................................sound
_stick...................................................................stickl
_v_micks................................................................msmouse
_wherex..................................................................wherex
_wherey..................................................................wherey
_x_lstprs...............................................................msmouse
_x_lstrls...............................................................msmouse
_y_lstprs...............................................................msmouse
_y_lstrls...............................................................msmouse
 
mode                    Offset=00000010H
    _mode
 
wherex                  Offset=00000160H
    _wherex
 
wherey                  Offset=000002e0H
    _wherey
 
gotoxy                  Offset=00000460H
    _gotoxy
 
cls                     Offset=000005f0H
    _cls
 
ppoint                  Offset=00000730H
    _ppoint
 
palette                 Offset=00000890H
    _palette
 
point                   Offset=000009f0H
    _point
 
line                    Offset=00000b50H
    _line
 
box                     Offset=00000dd0H
    _box
 
getmode                 Offset=00000f60H
    _getmode
 
circle                  Offset=000010b0H
    _circle
    _isqrt
 
sound                   Offset=000013f0H
    _sound
 
button                  Offset=00001670H
    _button
 
stickl                  Offset=000017c0H
    _stick
 
msmouse                 Offset=00001870H
    _h_micks
    _m_defgcur
    _m_deftcur
    _m_hidecur
    _m_inpmsk
    _m_inregs
    _m_keyprs
    _m_keyrls
    _m_mickeys
    _m_outregs
    _m_penoff
    _m_penon
    _m_readloc
    _m_reset
    _m_setasp
    _m_setloc
    _m_setxlim
    _m_setylim
    _m_showcur
    _mse_xin
    _mse_yin
    _prscnt
    _rlscnt
    _v_micks
    _x_lstprs
    _x_lstrls
    _y_lstprs
    _y_lstrls
 
